src/app/admin/dashboard/page.tsx(5,25): error TS2307: Cannot find module '../../../context/LocalAuthContext' or its corresponding type declarations.
src/app/admin/page.tsx(7,25): error TS2307: Cannot find module '../../context/LocalAuthContext' or its corresponding type declarations.
src/components/admin/SessionProviderWrapper.tsx(3,30): error TS2307: Cannot find module '../../context/LocalAuthContext' or its corresponding type declarations.
